[themeperfect.me/legalpress/index.html]
[backblue.gif]
[fade.gif]
[index.html]
[themeperfect.me/legalpress/assets/images/fav.png]
[themeperfect.me/legalpress/assets/images/pattern-background.png]
[themeperfect.me/legalpress/assets/css/style-switcher.css]
[themeperfect.me/legalpress/assets/css/style.css]
[themeperfect.me/legalpress/assets/images/footer_img.png]
[themeperfect.me/legalpress/assets/images/logo.png]
[themeperfect.me/legalpress/contact.html]
[themeperfect.me/legalpress/index_static.html]
[themeperfect.me/legalpress/index_video.html]
[themeperfect.me/legalpress/services.html]
[themeperfect.me/legalpress/criminal-law.html]
[themeperfect.me/legalpress/civil-rights-law.html]
[themeperfect.me/legalpress/corporate-law.html]
[themeperfect.me/legalpress/personal-injury-law.html]
[themeperfect.me/legalpress/bankruptcy-law.html]
[themeperfect.me/legalpress/family-law.html]
[themeperfect.me/legalpress/about.html]
[themeperfect.me/legalpress/news.html]
[themeperfect.me/legalpress/shop.html]
[themeperfect.me/legalpress/assets/images/1-480x150.jpg]
[themeperfect.me/legalpress/assets/images/5-480x150.jpg]
[themeperfect.me/legalpress/assets/images/2-480x150.jpg]
[themeperfect.me/legalpress/assets/images/33-360x240.jpg]
[themeperfect.me/legalpress/assets/images/177-360x240.jpg]
[themeperfect.me/legalpress/assets/images/188-360x240.jpg]
[themeperfect.me/legalpress/assets/images/110.jpg]
[themeperfect.me/legalpress/assets/images/52.jpg]
[themeperfect.me/legalpress/assets/images/210.jpg]
[themeperfect.me/legalpress/assets/images/signature.png]
[themeperfect.me/legalpress/post.html]
[themeperfect.me/legalpress/assets/images/45-360x204.jpg]
[themeperfect.me/legalpress/assets/images/36-360x204.jpg]
[themeperfect.me/legalpress/assets/images/client_1.png]
[themeperfect.me/legalpress/assets/images/client_2.png]
[themeperfect.me/legalpress/assets/images/client_3.png]
[themeperfect.me/legalpress/assets/images/client_4.png]
[themeperfect.me/legalpress/assets/images/logo_footer.png]
[themeperfect.me/legalpress/extras.html]
[themeperfect.me/legalpress/jobs.html]
[themeperfect.me/legalpress/pricing-tables.html]
[themeperfect.me/legalpress/skype-button.html]
[themeperfect.me/legalpress/brochure-box.html]
[themeperfect.me/legalpress/faq.html]
[themeperfect.me/legalpress/404.html]
[www.google-analytics.com/analytics.js]
[themeperfect.me/legalpress/assets/js/modernizr.custom.24530.js]
[themeperfect.me/legalpress/assets/js/underscore.js]
[themeperfect.me/legalpress/assets/js/requirejs/backbone.js]
[themeperfect.me/legalpress/assets/js/bootstrap.js]
[themeperfect.me/legalpress/assets/js/main.min.js]
[themeperfect.me/legalpress/index.html]
[themeperfect.me/legalpress/assets/js/jquery.js]
[themeperfect.me/legalpress/assets/fonts/fontawesome-webfont3295.eot]
[themeperfect.me/legalpress/assets/fonts/fontawesome-webfontd41d.eot]
[themeperfect.me/legalpress/assets/js/requirejs/require.js]
[themeperfect.me/legalpress/assets/fonts/fontawesome-webfont3295.woff]
[themeperfect.me/legalpress/assets/fonts/fontawesome-webfont3295.ttf]
[themeperfect.me/legalpress/assets/fonts/fontawesome-webfont3295.woff2]
[themeperfect.me/legalpress/assets/images/our_pathway.png]
[themeperfect.me/legalpress/assets/css/style.css]
[themeperfect.me/legalpress/assets/images/sprite.png]
[themeperfect.me/legalpress/assets/css/style-switcher.css]
[themeperfect.me/legalpress/assets/images/ajax-loader.gif]
[themeperfect.me/legalpress/assets/js/validator.js]
[themeperfect.me/legalpress/contact.html]
[themeperfect.me/legalpress/index_static.html]
[themeperfect.me/legalpress/assets/js/main.js]
[themeperfect.me/legalpress/assets/video/video.mp4]
[themeperfect.me/legalpress/assets/video/video.webm]
[themeperfect.me/legalpress/assets/video/video.jpg]
[themeperfect.me/legalpress/index_video.html]
[themeperfect.me/legalpress/assets/images/28-360x240.jpg]
[themeperfect.me/legalpress/assets/images/22-360x240.jpg]
[themeperfect.me/legalpress/assets/images/49-360x240.jpg]
[themeperfect.me/legalpress/assets/images/8-360x240.jpg]
[themeperfect.me/legalpress/services.html]
[themeperfect.me/legalpress/assets/css/magnific-popup.css]
[themeperfect.me/legalpress/assets/images/8.jpg]
[themeperfect.me/legalpress/assets/images/35.jpg]
[themeperfect.me/legalpress/assets/js/magnific-popup.min.js]
[themeperfect.me/legalpress/criminal-law.html]
[themeperfect.me/legalpress/assets/images/49.jpg]
[themeperfect.me/legalpress/assets/images/6.jpg]
[themeperfect.me/legalpress/civil-rights-law.html]
[themeperfect.me/legalpress/assets/images/50.jpg]
[themeperfect.me/legalpress/assets/images/48.jpg]
[themeperfect.me/legalpress/corporate-law.html]
[themeperfect.me/legalpress/assets/images/22.jpg]
[themeperfect.me/legalpress/assets/images/201.jpg]
[themeperfect.me/legalpress/personal-injury-law.html]
[themeperfect.me/legalpress/assets/images/28.jpg]
[themeperfect.me/legalpress/assets/images/32.jpg]
[themeperfect.me/legalpress/bankruptcy-law.html]
[themeperfect.me/legalpress/assets/images/33.jpg]
[themeperfect.me/legalpress/assets/images/311.jpg]
[themeperfect.me/legalpress/family-law.html]
[themeperfect.me/legalpress/assets/images/61.jpg]
[themeperfect.me/legalpress/assets/images/410.jpg]
[themeperfect.me/legalpress/assets/images/310.jpg]
[themeperfect.me/legalpress/about.html]
[themeperfect.me/legalpress/assets/images/45.jpg]
[themeperfect.me/legalpress/assets/images/36.jpg]
[themeperfect.me/legalpress/assets/images/42.jpg]
[themeperfect.me/legalpress/news.html]
[themeperfect.me/legalpress/shop-single.html]
[themeperfect.me/legalpress/assets/images/3-300x300.jpg]
[themeperfect.me/legalpress/assets/images/23-300x300.jpg]
[themeperfect.me/legalpress/assets/images/2-300x300.jpg]
[themeperfect.me/legalpress/assets/images/17-300x300.jpg]
[themeperfect.me/legalpress/assets/images/10-300x300.jpg]
[themeperfect.me/legalpress/assets/images/15-300x300.jpg]
[themeperfect.me/legalpress/assets/images/16-300x300.jpg]
[themeperfect.me/legalpress/assets/images/18-300x300.jpg]
[themeperfect.me/legalpress/assets/images/21-300x300.jpg]
[themeperfect.me/legalpress/assets/images/3-180x180.jpg]
[themeperfect.me/legalpress/assets/images/23-180x180.jpg]
[themeperfect.me/legalpress/assets/images/20-180x180.jpg]
[themeperfect.me/legalpress/assets/images/2-180x180.jpg]
[themeperfect.me/legalpress/assets/images/18-180x180.jpg]
[themeperfect.me/legalpress/shop.html]
[themeperfect.me/legalpress/assets/images/avatar.jpg]
[themeperfect.me/legalpress/post.html]
[themeperfect.me/legalpress/extras.html]
[themeperfect.me/legalpress/jobs.html]
[themeperfect.me/legalpress/pricing-tables.html]
[themeperfect.me/legalpress/skype-button.html]
[themeperfect.me/legalpress/brochure-box.html]
[themeperfect.me/legalpress/faq.html]
[themeperfect.me/legalpress/assets/images/404.png]
[themeperfect.me/legalpress/404.html]
[themeperfect.me/legalpress/assets/fonts/fontawesome-webfont3295.svg]
[themeperfect.me/legalpress/assets/css/magnific-popup.css]
[themeperfect.me/legalpress/assets/images/3.jpg]
[themeperfect.me/legalpress/shop-single.html]
